
> shiksha-intelligence@0.0.0 build
> tsc -b && vite build

src/features/finance/AssetRegister.tsx(5,55): error TS6133: 'Wrench' is declared but its value is never read.
src/features/finance/AssetRegister.tsx(6,17): error TS6133: 'PackageCheck' is declared but its value is never read.
src/features/finance/AssetRegister.tsx(6,39): error TS6133: 'Filter' is declared but its value is never read.
src/features/finance/AssetRegister.tsx(46,54): error TS6133: 'onRefresh' is declared but its value is never read.
src/features/finance/AuditTrail.tsx(3,34): error TS6133: 'MonitorSmartphone' is declared but its value is never read.
src/features/finance/BankReconciliation.tsx(14,1): error TS6192: All imports in import declaration are unused.
src/features/finance/BankReconciliation.tsx(19,74): error TS6133: 'DialogDescription' is declared but its value is never read.
src/features/finance/BankReconciliation.tsx(74,22): error TS6133: 'onAutoMatch' is declared but its value is never read.
src/features/finance/BudgetManager.tsx(4,31): error TS6133: 'ChevronDown' is declared but its value is never read.
src/features/finance/BudgetManager.tsx(4,44): error TS6133: 'ChevronRight' is declared but its value is never read.
src/features/finance/BudgetManager.tsx(17,8): error TS6133: 'BudgetApprovalDTO' is declared but its value is never read.
src/features/finance/BudgetManager.tsx(112,3): error TS6133: 'onClose' is declared but its value is never read.
src/features/finance/BudgetManager.tsx(162,9): error TS6133: 'm' is declared but its value is never read.
src/features/finance/BudgetManager.tsx(486,9): error TS6133: 'm' is declared but its value is never read.
src/features/finance/ChartOfAccounts.tsx(343,9): error TS6133: 'totalAssets' is declared but its value is never read.
src/features/finance/ChartOfAccounts.tsx(344,9): error TS6133: 'totalIncome' is declared but its value is never read.
src/features/finance/ChartOfAccounts.tsx(345,9): error TS6133: 'totalExpense' is declared but its value is never read.
src/features/finance/FinancialStatements.tsx(1,20): error TS6133: 'useCallback' is declared but its value is never read.
src/features/finance/FinancialStatements.tsx(1,33): error TS6133: 'useMemo' is declared but its value is never read.
src/features/finance/FinancialStatements.tsx(12,1): error TS6133: 'Separator' is declared but its value is never read.
src/features/finance/GeneralLedger.tsx(6,20): error TS6133: 'TrendingUp' is declared but its value is never read.
src/features/finance/GeneralLedger.tsx(6,32): error TS6133: 'TrendingDown' is declared but its value is never read.
src/features/finance/GeneralLedger.tsx(14,29): error TS6133: 'CardHeader' is declared but its value is never read.
src/features/finance/GeneralLedger.tsx(14,41): error TS6133: 'CardTitle' is declared but its value is never read.
src/features/finance/GrantManager.tsx(4,27): error TS6133: 'ChevronDown' is declared but its value is never read.
src/features/finance/GrantManager.tsx(4,40): error TS6133: 'ChevronRight' is declared but its value is never read.
src/features/finance/GrantManager.tsx(5,25): error TS6133: 'Clock' is declared but its value is never read.
src/features/finance/GrantManager.tsx(12,8): error TS6133: 'GrantUtilizationResponseDTO' is declared but its value is never read.
src/features/finance/GrantManager.tsx(22,1): error TS6133: 'Progress' is declared but its value is never read.
src/features/finance/MiscellaneousReceipts.tsx(3,36): error TS6133: 'Layers' is declared but its value is never read.
src/features/finance/MiscellaneousReceipts.tsx(8,29): error TS6133: 'CardHeader' is declared but its value is never read.
src/features/finance/MiscellaneousReceipts.tsx(8,41): error TS6133: 'CardTitle' is declared but its value is never read.
src/features/finance/MiscellaneousReceipts.tsx(14,1): error TS6133: 'Textarea' is declared but its value is never read.
src/features/finance/MiscellaneousReceipts.tsx(22,10): error TS6133: 'saving' is declared but its value is never read.
src/features/finance/MiscellaneousReceipts.tsx(22,18): error TS6133: 'setSaving' is declared but its value is never read.
src/features/finance/PurchaseOrders.tsx(4,96): error TS6133: 'Truck' is declared but its value is never read.
src/features/finance/PurchaseOrders.tsx(4,103): error TS6133: 'PackageCheck' is declared but its value is never read.
src/features/finance/VendorDirectory.tsx(3,67): error TS6133: 'XCircle' is declared but its value is never read.
src/features/finance/VendorDirectory.tsx(3,76): error TS6133: 'Filter' is declared but its value is never read.
src/features/finance/VendorDirectory.tsx(6,1): error TS6192: All imports in import declaration are unused.
src/pages/dashboard/parent/fees/page.tsx(125,13): error TS7006: Parameter 'inv' implicitly has an 'any' type.
src/pages/dashboard/parent/fees/page.tsx(126,12): error TS7006: Parameter 'a' implicitly has an 'any' type.
src/pages/dashboard/parent/fees/page.tsx(126,15): error TS7006: Parameter 'b' implicitly has an 'any' type.
src/pages/dashboard/parent/fees/page.tsx(196,29): error TS7006: Parameter 'item' implicitly has an 'any' type.
src/pages/dashboard/parent/fees/page.tsx(197,27): error TS7006: Parameter 'item' implicitly has an 'any' type.
src/pages/dashboard/parent/fees/page.tsx(197,33): error TS7006: Parameter 'idx' implicitly has an 'any' type.
src/pages/dashboard/parent/fees/page.tsx(247,38): error TS7006: Parameter 'payment' implicitly has an 'any' type.
src/pages/dashboard/parent/fees/page.tsx(247,47): error TS7006: Parameter 'i' implicitly has an 'any' type.
src/services/coa.ts(2,29): error TS6196: 'Pageable' is declared but never used.
